time="2025-08-06 17:23:53" level=info msg="Starting the C2 Server..."
time="2025-08-06 17:23:53" level=fatal msg="Failed to Load TLS config: failed to load key pair: open certs/cert.pem: no such file or directory"
time="2025-08-06 17:23:55" level=info msg="Starting the C2 Server..."
time="2025-08-06 17:23:55" level=fatal msg="Failed to Load TLS config: failed to load key pair: open certs/cert.pem: no such file or directory"
time="2025-08-06 17:30:40" level=info msg="Starting the C2 Server..."
time="2025-08-06 17:30:40" level=info msg="Loading TLS config with cert: /home/godeye/github/GolemC2/certs/cert.pem, key: /home/godeye/github/GolemC2/certs/key.pem, CA: /home/godeye/github/GolemC2/certs/ca-cert.pem"
time="2025-08-06 17:30:40" level=info msg="Starting server on :8443..."
time="2025-08-06 17:31:22" level=info msg="Starting the C2 Server..."
time="2025-08-06 17:31:22" level=info msg="Loading TLS config with cert: /home/godeye/github/GolemC2/cmd/server/certs/cert.PEM, key: /home/godeye/github/GolemC2/cmd/server/certs/key.PEM, CA: /home/godeye/github/GolemC2/cmd/server/certs/ca-cert.PEM"
time="2025-08-06 17:31:22" level=fatal msg="Failed to load TLS config: failed to load key pair: open /home/godeye/github/GolemC2/cmd/server/certs/cert.PEM: no such file or directory"
time="2025-08-06 17:31:26" level=info msg="Starting the C2 Server..."
time="2025-08-06 17:31:26" level=info msg="Loading TLS config with cert: /home/godeye/github/GolemC2/cmd/server/certs/cert.PEM, key: /home/godeye/github/GolemC2/cmd/server/certs/key.PEM, CA: /home/godeye/github/GolemC2/cmd/server/certs/ca-cert.PEM"
time="2025-08-06 17:31:26" level=fatal msg="Failed to load TLS config: failed to load key pair: open /home/godeye/github/GolemC2/cmd/server/certs/cert.PEM: no such file or directory"
time="2025-08-06 17:39:39" level=info msg="Starting the C2 Server..."
time="2025-08-06 17:39:39" level=info msg="Loading TLS config with cert: /home/godeye/github/GolemC2/certs/cert.pem, key: /home/godeye/github/GolemC2/certs/key.pem, CA: /home/godeye/github/GolemC2/certs/ca-cert.pem"
time="2025-08-06 17:39:39" level=info msg="Starting server on :8443..."
time="2025-08-06 17:49:14" level=info msg="Starting the C2 Server..."
time="2025-08-06 17:49:14" level=info msg="Loading TLS config with cert: /home/godeye/github/GolemC2/certs/cert.pem, key: /home/godeye/github/GolemC2/certs/key.pem, CA: /home/godeye/github/GolemC2/certs/ca-cert.pem"
time="2025-08-06 17:49:14" level=info msg="Starting server on :8443..."
time="2025-10-26 15:12:47" level=info msg="Starting the C2 Server..."
time="2025-10-26 15:12:47" level=info msg="Loading TLS config with cert: /home/godeye/github/GolemC2/certs/cert.pem, key: /home/godeye/github/GolemC2/certs/key.pem, CA: /home/godeye/github/GolemC2/certs/ca-cert.pem"
time="2025-10-26 15:12:47" level=info msg="Starting server on :8443..."
time="2026-02-25 09:25:52" level=info msg="Starting the C2 Server..."
time="2026-02-25 09:25:52" level=info msg="Loading TLS config with cert: /home/godeye/github/GolemC2/certs/cert.pem, key: /home/godeye/github/GolemC2/certs/key.pem, CA: /home/godeye/github/GolemC2/certs/ca-cert.pem"
time="2026-02-25 09:25:52" level=info msg="Starting server on :8443..."
time="2026-02-25 09:47:37" level=info msg="Starting the C2 Server..."
time="2026-02-25 09:47:37" level=info msg="Loading TLS config with cert: /home/godeye/github/GolemC2/certs/cert.pem, key: /home/godeye/github/GolemC2/certs/key.pem, CA: /home/godeye/github/GolemC2/certs/ca-cert.pem"
time="2026-02-25 09:47:37" level=info msg="Starting server on :8443..."
time="2026-02-25 09:58:11" level=info msg="Starting the C2 Server..."
time="2026-02-25 09:58:11" level=info msg="Loading TLS config with cert: /home/godeye/github/GolemC2/certs/cert.pem, key: /home/godeye/github/GolemC2/certs/key.pem, CA: /home/godeye/github/GolemC2/certs/ca-cert.pem"
time="2026-02-25 09:58:11" level=info msg="Starting server on :8443..."
